// Jest Snapshot v1, https://goo.gl/fbAQLP

exports[`RemoveDeliveryProgrammeAdminButton should call onRemoved when the dialog is closed via the Remove action: After cancel 1`] = `
<body>
  <div>
    <button
      class="MuiButtonBase-root MuiButton-root MuiButton-text"
      content="Test button"
      data-testid="remove-delivery-programme-admin-button"
      tabindex="0"
      type="button"
    >
      <span
        class="MuiButton-label"
      >
        Remove
      </span>
      <span
        class="MuiTouchRipple-root"
      />
    </button>
  </div>
</body>
`;

exports[`RemoveDeliveryProgrammeAdminButton should call onRemoved when the dialog is closed via the Remove action: After complete 1`] = `
<body>
  <div>
    <button
      class="MuiButtonBase-root MuiButton-root MuiButton-text"
      content="Test button"
      data-testid="remove-delivery-programme-admin-button"
      tabindex="0"
      type="button"
    >
      <span
        class="MuiButton-label"
      >
        Remove
      </span>
      <span
        class="MuiTouchRipple-root"
      >
        <span
          class="MuiTouchRipple-ripple MuiTouchRipple-rippleVisible"
          style="width: 2.8284271247461903px; height: 2.8284271247461903px; top: -1.4142135623730951px; left: -1.4142135623730951px;"
        >
          <span
            class="MuiTouchRipple-child MuiTouchRipple-childLeaving"
          />
        </span>
      </span>
    </button>
  </div>
</body>
`;

exports[`RemoveDeliveryProgrammeAdminButton should call onRemoved when the dialog is closed via the Remove action: Before complete 1`] = `
<body>
  <div>
    <button
      class="MuiButtonBase-root MuiButton-root MuiButton-text"
      content="Test button"
      data-testid="remove-delivery-programme-admin-button"
      tabindex="0"
      type="button"
    >
      <span
        class="MuiButton-label"
      >
        Remove
      </span>
      <span
        class="MuiTouchRipple-root"
      >
        <span
          class="MuiTouchRipple-ripple MuiTouchRipple-rippleVisible"
          style="width: 2.8284271247461903px; height: 2.8284271247461903px; top: -1.4142135623730951px; left: -1.4142135623730951px;"
        >
          <span
            class="MuiTouchRipple-child MuiTouchRipple-childLeaving"
          />
        </span>
      </span>
    </button>
    <span>
      Test dialog
    </span>
  </div>
</body>
`;

exports[`RemoveDeliveryProgrammeAdminButton should call the API when submitting 1`] = `
<body>
  <div>
    <button
      class="MuiButtonBase-root MuiButton-root MuiButton-text"
      content="Test button"
      data-testid="remove-delivery-programme-admin-button"
      tabindex="0"
      type="button"
    >
      <span
        class="MuiButton-label"
      >
        Remove
      </span>
      <span
        class="MuiTouchRipple-root"
      >
        <span
          class="MuiTouchRipple-ripple MuiTouchRipple-rippleVisible"
          style="width: 2.8284271247461903px; height: 2.8284271247461903px; top: -1.4142135623730951px; left: -1.4142135623730951px;"
        >
          <span
            class="MuiTouchRipple-child MuiTouchRipple-childLeaving"
          />
        </span>
      </span>
    </button>
    <span>
      Test dialog
    </span>
  </div>
</body>
`;

exports[`RemoveDeliveryProgrammeAdminButton should close the dialog via the Cancel action: After cancel 1`] = `
<body>
  <div>
    <button
      class="MuiButtonBase-root MuiButton-root MuiButton-text"
      content="Test button"
      data-testid="remove-delivery-programme-admin-button"
      tabindex="0"
      type="button"
    >
      <span
        class="MuiButton-label"
      >
        Remove
      </span>
      <span
        class="MuiTouchRipple-root"
      >
        <span
          class="MuiTouchRipple-ripple MuiTouchRipple-rippleVisible"
          style="width: 2.8284271247461903px; height: 2.8284271247461903px; top: -1.4142135623730951px; left: -1.4142135623730951px;"
        >
          <span
            class="MuiTouchRipple-child MuiTouchRipple-childLeaving"
          />
        </span>
      </span>
    </button>
  </div>
</body>
`;

exports[`RemoveDeliveryProgrammeAdminButton should close the dialog via the Cancel action: Before cancel 1`] = `
<body>
  <div>
    <button
      class="MuiButtonBase-root MuiButton-root MuiButton-text"
      content="Test button"
      data-testid="remove-delivery-programme-admin-button"
      tabindex="0"
      type="button"
    >
      <span
        class="MuiButton-label"
      >
        Remove
      </span>
      <span
        class="MuiTouchRipple-root"
      >
        <span
          class="MuiTouchRipple-ripple MuiTouchRipple-rippleVisible"
          style="width: 2.8284271247461903px; height: 2.8284271247461903px; top: -1.4142135623730951px; left: -1.4142135623730951px;"
        >
          <span
            class="MuiTouchRipple-child MuiTouchRipple-childLeaving"
          />
        </span>
      </span>
    </button>
    <span>
      Test dialog
    </span>
  </div>
</body>
`;

exports[`RemoveDeliveryProgrammeAdminButton should not render when the user is not allowed to remove delivery programme admins 1`] = `
<body>
  <div />
</body>
`;

exports[`RemoveDeliveryProgrammeAdminButton should only render a button initially 1`] = `
<body>
  <div>
    <button
      class="MuiButtonBase-root MuiButton-root MuiButton-text"
      content="Test button"
      data-testid="remove-delivery-programme-admin-button"
      tabindex="0"
      type="button"
    >
      <span
        class="MuiButton-label"
      >
        Remove
      </span>
      <span
        class="MuiTouchRipple-root"
      />
    </button>
  </div>
</body>
`;

exports[`RemoveDeliveryProgrammeAdminButton should render the dialog when the button is clicked 1`] = `
<body>
  <div>
    <button
      class="MuiButtonBase-root MuiButton-root MuiButton-text"
      content="Test button"
      data-testid="remove-delivery-programme-admin-button"
      tabindex="0"
      type="button"
    >
      <span
        class="MuiButton-label"
      >
        Remove
      </span>
      <span
        class="MuiTouchRipple-root"
      >
        <span
          class="MuiTouchRipple-ripple MuiTouchRipple-rippleVisible"
          style="width: 2.8284271247461903px; height: 2.8284271247461903px; top: -1.4142135623730951px; left: -1.4142135623730951px;"
        >
          <span
            class="MuiTouchRipple-child MuiTouchRipple-childLeaving"
          />
        </span>
      </span>
    </button>
    <span>
      Test dialog
    </span>
  </div>
</body>
`;
