// Jest Snapshot v1, https://goo.gl/fbAQLP

exports[`DeliveryProjectUserFormFields should render all fields correctly 1`] = `
<body>
  <div>
    <div
      class="MuiFormControl-root MuiTextField-root MuiFormControl-marginDense MuiFormControl-fullWidth"
      data-testid="user_catalog_name"
    >
      <label
        class="MuiFormLabel-root MuiInputLabel-root MuiInputLabel-formControl MuiInputLabel-animated MuiInputLabel-marginDense MuiInputLabel-outlined"
        data-shrink="false"
        for="user_catalog_name"
        id="user_catalog_name-label"
      >
        Select User
      </label>
      <div
        class="MuiInputBase-root MuiOutlinedInput-root MuiInputBase-fullWidth MuiInputBase-formControl MuiInputBase-marginDense MuiOutlinedInput-marginDense"
      >
        <div
          aria-haspopup="listbox"
          aria-labelledby="user_catalog_name-label user_catalog_name"
          class="MuiSelect-root MuiSelect-select MuiSelect-selectMenu MuiSelect-outlined MuiInputBase-input MuiOutlinedInput-input MuiInputBase-inputMarginDense MuiOutlinedInput-inputMarginDense"
          id="user_catalog_name"
          role="button"
          tabindex="0"
        >
          <span>
            â€‹
          </span>
        </div>
        <input
          aria-describedby="user_catalog_name-helper-text"
          aria-hidden="true"
          aria-required="true"
          class="MuiSelect-nativeInput"
          name="user_catalog_name"
          tabindex="-1"
          value=""
        />
        <svg
          aria-hidden="true"
          class="MuiSvgIcon-root MuiSelect-icon MuiSelect-iconOutlined"
          focusable="false"
          viewBox="0 0 24 24"
        >
          <path
            d="M7 10l5 5 5-5z"
          />
        </svg>
        <fieldset
          aria-hidden="true"
          class="PrivateNotchedOutline-root MuiOutlinedInput-notchedOutline"
        >
          <legend
            class="PrivateNotchedOutline-legendLabelled"
          >
            <span>
              Select User
            </span>
          </legend>
        </fieldset>
      </div>
      <p
        class="MuiFormHelperText-root MuiFormHelperText-contained MuiFormHelperText-marginDense"
        id="user_catalog_name-helper-text"
      >
        Select a user to add to this Delivery Project
      </p>
    </div>
    <h3
      style="margin-bottom: 0px;"
    >
      Additional permissions
    </h3>
    <label
      class="MuiFormControlLabel-root"
    >
      <span
        aria-disabled="false"
        class="MuiButtonBase-root MuiIconButton-root PrivateSwitchBase-root MuiCheckbox-root MuiCheckbox-colorPrimary MuiIconButton-colorPrimary"
      >
        <span
          class="MuiIconButton-label"
        >
          <input
            class="PrivateSwitchBase-input"
            data-indeterminate="false"
            id="is_admin"
            name="is_admin"
            type="checkbox"
            value="false"
          />
          <svg
            aria-hidden="true"
            class="MuiSvgIcon-root"
            focusable="false"
            viewBox="0 0 24 24"
          >
            <path
              d="M19 5v14H5V5h14m0-2H5c-1.1 0-2 .9-2 2v14c0 1.1.9 2 2 2h14c1.1 0 2-.9 2-2V5c0-1.1-.9-2-2-2z"
            />
          </svg>
        </span>
        <span
          class="MuiTouchRipple-root"
        />
      </span>
      <span
        class="MuiTypography-root MuiFormControlLabel-label MuiTypography-body1"
      >
        Admin user
      </span>
    </label>
    <p
      class="MuiFormHelperText-root"
    >
      Optional - Can this user administer this project?
    </p>
    <label
      class="MuiFormControlLabel-root"
    >
      <span
        aria-disabled="false"
        class="MuiButtonBase-root MuiIconButton-root PrivateSwitchBase-root MuiCheckbox-root MuiCheckbox-colorPrimary MuiIconButton-colorPrimary"
      >
        <span
          class="MuiIconButton-label"
        >
          <input
            class="PrivateSwitchBase-input"
            data-indeterminate="false"
            id="is_technical"
            name="is_technical"
            type="checkbox"
            value="false"
          />
          <svg
            aria-hidden="true"
            class="MuiSvgIcon-root"
            focusable="false"
            viewBox="0 0 24 24"
          >
            <path
              d="M19 5v14H5V5h14m0-2H5c-1.1 0-2 .9-2 2v14c0 1.1.9 2 2 2h14c1.1 0 2-.9 2-2V5c0-1.1-.9-2-2-2z"
            />
          </svg>
        </span>
        <span
          class="MuiTouchRipple-root"
        />
      </span>
      <span
        class="MuiTypography-root MuiFormControlLabel-label MuiTypography-body1"
      >
        Technical user
      </span>
    </label>
    <p
      class="MuiFormHelperText-root"
    >
      Optional - Is this user in a technical role?
    </p>
    <div
      class="MuiFormControl-root MuiTextField-root MuiFormControl-marginDense MuiFormControl-fullWidth"
      data-testid="github_username"
    >
      <label
        class="MuiFormLabel-root MuiInputLabel-root MuiInputLabel-formControl MuiInputLabel-animated MuiInputLabel-marginDense MuiInputLabel-outlined"
        data-shrink="false"
        for="github_username"
        id="github_username-label"
      >
        GitHub Handle
      </label>
      <div
        class="MuiInputBase-root MuiOutlinedInput-root MuiInputBase-fullWidth MuiInputBase-formControl MuiInputBase-marginDense MuiOutlinedInput-marginDense"
      >
        <input
          aria-describedby="github_username-helper-text"
          aria-invalid="false"
          class="MuiInputBase-input MuiOutlinedInput-input MuiInputBase-inputMarginDense MuiOutlinedInput-inputMarginDense"
          id="github_username"
          name="github_username"
          type="text"
          value=""
        />
        <fieldset
          aria-hidden="true"
          class="PrivateNotchedOutline-root MuiOutlinedInput-notchedOutline"
        >
          <legend
            class="PrivateNotchedOutline-legendLabelled"
          >
            <span>
              GitHub Handle
            </span>
          </legend>
        </fieldset>
      </div>
      <p
        class="MuiFormHelperText-root MuiFormHelperText-contained MuiFormHelperText-marginDense"
        id="github_username-helper-text"
      >
        Optional - Enter this user's Github username
      </p>
    </div>
  </div>
</body>
`;

exports[`DeliveryProjectUserFormFields should render default fields 1`] = `
<body>
  <div>
    <div
      class="MuiFormControl-root MuiTextField-root MuiFormControl-marginDense MuiFormControl-fullWidth"
      data-testid="user_catalog_name"
    >
      <label
        class="MuiFormLabel-root MuiInputLabel-root MuiInputLabel-formControl MuiInputLabel-animated MuiInputLabel-shrink MuiInputLabel-marginDense MuiInputLabel-outlined MuiFormLabel-filled"
        data-shrink="true"
        for="user_catalog_name"
        id="user_catalog_name-label"
      >
        Select User
      </label>
      <div
        class="MuiInputBase-root MuiOutlinedInput-root MuiInputBase-fullWidth MuiInputBase-formControl MuiInputBase-marginDense MuiOutlinedInput-marginDense"
      >
        <div
          aria-haspopup="listbox"
          aria-labelledby="user_catalog_name-label user_catalog_name"
          class="MuiSelect-root MuiSelect-select MuiSelect-selectMenu MuiSelect-outlined MuiInputBase-input MuiOutlinedInput-input MuiInputBase-inputMarginDense MuiOutlinedInput-inputMarginDense"
          id="user_catalog_name"
          role="button"
          tabindex="0"
        >
          user-1234
        </div>
        <input
          aria-describedby="user_catalog_name-helper-text"
          aria-hidden="true"
          aria-required="true"
          class="MuiSelect-nativeInput"
          name="user_catalog_name"
          tabindex="-1"
          value="user-1234"
        />
        <svg
          aria-hidden="true"
          class="MuiSvgIcon-root MuiSelect-icon MuiSelect-iconOutlined"
          focusable="false"
          viewBox="0 0 24 24"
        >
          <path
            d="M7 10l5 5 5-5z"
          />
        </svg>
        <fieldset
          aria-hidden="true"
          class="PrivateNotchedOutline-root MuiOutlinedInput-notchedOutline"
        >
          <legend
            class="PrivateNotchedOutline-legendLabelled PrivateNotchedOutline-legendNotched"
          >
            <span>
              Select User
            </span>
          </legend>
        </fieldset>
      </div>
      <p
        class="MuiFormHelperText-root MuiFormHelperText-contained MuiFormHelperText-filled MuiFormHelperText-marginDense"
        id="user_catalog_name-helper-text"
      >
        Select a user to add to this Delivery Project
      </p>
    </div>
    <h3
      style="margin-bottom: 0px;"
    >
      Additional permissions
    </h3>
    <label
      class="MuiFormControlLabel-root"
    >
      <span
        aria-disabled="false"
        class="MuiButtonBase-root MuiIconButton-root PrivateSwitchBase-root MuiCheckbox-root MuiCheckbox-colorPrimary MuiIconButton-colorPrimary"
      >
        <span
          class="MuiIconButton-label"
        >
          <input
            class="PrivateSwitchBase-input"
            data-indeterminate="false"
            id="is_admin"
            name="is_admin"
            type="checkbox"
            value="false"
          />
          <svg
            aria-hidden="true"
            class="MuiSvgIcon-root"
            focusable="false"
            viewBox="0 0 24 24"
          >
            <path
              d="M19 5v14H5V5h14m0-2H5c-1.1 0-2 .9-2 2v14c0 1.1.9 2 2 2h14c1.1 0 2-.9 2-2V5c0-1.1-.9-2-2-2z"
            />
          </svg>
        </span>
        <span
          class="MuiTouchRipple-root"
        />
      </span>
      <span
        class="MuiTypography-root MuiFormControlLabel-label MuiTypography-body1"
      >
        Admin user
      </span>
    </label>
    <p
      class="MuiFormHelperText-root"
    >
      Optional - Can this user administer this project?
    </p>
    <label
      class="MuiFormControlLabel-root"
    >
      <span
        aria-disabled="false"
        class="MuiButtonBase-root MuiIconButton-root PrivateSwitchBase-root MuiCheckbox-root MuiCheckbox-colorPrimary PrivateSwitchBase-checked MuiCheckbox-checked MuiIconButton-colorPrimary"
      >
        <span
          class="MuiIconButton-label"
        >
          <input
            checked=""
            class="PrivateSwitchBase-input"
            data-indeterminate="false"
            id="is_technical"
            name="is_technical"
            type="checkbox"
            value="true"
          />
          <svg
            aria-hidden="true"
            class="MuiSvgIcon-root"
            focusable="false"
            viewBox="0 0 24 24"
          >
            <path
              d="M19 3H5c-1.11 0-2 .9-2 2v14c0 1.1.89 2 2 2h14c1.11 0 2-.9 2-2V5c0-1.1-.89-2-2-2zm-9 14l-5-5 1.41-1.41L10 14.17l7.59-7.59L19 8l-9 9z"
            />
          </svg>
        </span>
        <span
          class="MuiTouchRipple-root"
        />
      </span>
      <span
        class="MuiTypography-root MuiFormControlLabel-label MuiTypography-body1"
      >
        Technical user
      </span>
    </label>
    <p
      class="MuiFormHelperText-root"
    >
      Optional - Is this user in a technical role?
    </p>
    <div
      class="MuiFormControl-root MuiTextField-root MuiFormControl-marginDense MuiFormControl-fullWidth"
      data-testid="github_username"
    >
      <label
        class="MuiFormLabel-root MuiInputLabel-root MuiInputLabel-formControl MuiInputLabel-animated MuiInputLabel-shrink MuiInputLabel-marginDense MuiInputLabel-outlined MuiFormLabel-filled"
        data-shrink="true"
        for="github_username"
        id="github_username-label"
      >
        GitHub Handle
      </label>
      <div
        class="MuiInputBase-root MuiOutlinedInput-root MuiInputBase-fullWidth MuiInputBase-formControl MuiInputBase-marginDense MuiOutlinedInput-marginDense"
      >
        <input
          aria-describedby="github_username-helper-text"
          aria-invalid="false"
          class="MuiInputBase-input MuiOutlinedInput-input MuiInputBase-inputMarginDense MuiOutlinedInput-inputMarginDense"
          id="github_username"
          name="github_username"
          type="text"
          value="user-1234"
        />
        <fieldset
          aria-hidden="true"
          class="PrivateNotchedOutline-root MuiOutlinedInput-notchedOutline"
        >
          <legend
            class="PrivateNotchedOutline-legendLabelled PrivateNotchedOutline-legendNotched"
          >
            <span>
              GitHub Handle
            </span>
          </legend>
        </fieldset>
      </div>
      <p
        class="MuiFormHelperText-root MuiFormHelperText-contained MuiFormHelperText-filled MuiFormHelperText-marginDense"
        id="github_username-helper-text"
      >
        Optional - Enter this user's Github username
      </p>
    </div>
  </div>
</body>
`;

exports[`DeliveryProjectUserFormFields should write values back to the form: Empty 1`] = `
<body>
  <div>
    <div
      class="MuiFormControl-root MuiTextField-root MuiFormControl-marginDense MuiFormControl-fullWidth"
      data-testid="user_catalog_name"
    >
      <label
        class="MuiFormLabel-root MuiInputLabel-root MuiInputLabel-formControl MuiInputLabel-animated MuiInputLabel-marginDense MuiInputLabel-outlined"
        data-shrink="false"
        for="user_catalog_name"
        id="user_catalog_name-label"
      >
        Select User
      </label>
      <div
        class="MuiInputBase-root MuiOutlinedInput-root MuiInputBase-fullWidth MuiInputBase-formControl MuiInputBase-marginDense MuiOutlinedInput-marginDense"
      >
        <div
          aria-haspopup="listbox"
          aria-labelledby="user_catalog_name-label user_catalog_name"
          class="MuiSelect-root MuiSelect-select MuiSelect-selectMenu MuiSelect-outlined MuiInputBase-input MuiOutlinedInput-input MuiInputBase-inputMarginDense MuiOutlinedInput-inputMarginDense"
          id="user_catalog_name"
          role="button"
          tabindex="0"
        >
          <span>
            â€‹
          </span>
        </div>
        <input
          aria-describedby="user_catalog_name-helper-text"
          aria-hidden="true"
          aria-required="true"
          class="MuiSelect-nativeInput"
          name="user_catalog_name"
          tabindex="-1"
          value=""
        />
        <svg
          aria-hidden="true"
          class="MuiSvgIcon-root MuiSelect-icon MuiSelect-iconOutlined"
          focusable="false"
          viewBox="0 0 24 24"
        >
          <path
            d="M7 10l5 5 5-5z"
          />
        </svg>
        <fieldset
          aria-hidden="true"
          class="PrivateNotchedOutline-root MuiOutlinedInput-notchedOutline"
        >
          <legend
            class="PrivateNotchedOutline-legendLabelled"
          >
            <span>
              Select User
            </span>
          </legend>
        </fieldset>
      </div>
      <p
        class="MuiFormHelperText-root MuiFormHelperText-contained MuiFormHelperText-marginDense"
        id="user_catalog_name-helper-text"
      >
        Select a user to add to this Delivery Project
      </p>
    </div>
    <h3
      style="margin-bottom: 0px;"
    >
      Additional permissions
    </h3>
    <label
      class="MuiFormControlLabel-root"
    >
      <span
        aria-disabled="false"
        class="MuiButtonBase-root MuiIconButton-root PrivateSwitchBase-root MuiCheckbox-root MuiCheckbox-colorPrimary MuiIconButton-colorPrimary"
      >
        <span
          class="MuiIconButton-label"
        >
          <input
            class="PrivateSwitchBase-input"
            data-indeterminate="false"
            id="is_admin"
            name="is_admin"
            type="checkbox"
            value="false"
          />
          <svg
            aria-hidden="true"
            class="MuiSvgIcon-root"
            focusable="false"
            viewBox="0 0 24 24"
          >
            <path
              d="M19 5v14H5V5h14m0-2H5c-1.1 0-2 .9-2 2v14c0 1.1.9 2 2 2h14c1.1 0 2-.9 2-2V5c0-1.1-.9-2-2-2z"
            />
          </svg>
        </span>
        <span
          class="MuiTouchRipple-root"
        />
      </span>
      <span
        class="MuiTypography-root MuiFormControlLabel-label MuiTypography-body1"
      >
        Admin user
      </span>
    </label>
    <p
      class="MuiFormHelperText-root"
    >
      Optional - Can this user administer this project?
    </p>
    <label
      class="MuiFormControlLabel-root"
    >
      <span
        aria-disabled="false"
        class="MuiButtonBase-root MuiIconButton-root PrivateSwitchBase-root MuiCheckbox-root MuiCheckbox-colorPrimary MuiIconButton-colorPrimary"
      >
        <span
          class="MuiIconButton-label"
        >
          <input
            class="PrivateSwitchBase-input"
            data-indeterminate="false"
            id="is_technical"
            name="is_technical"
            type="checkbox"
            value="false"
          />
          <svg
            aria-hidden="true"
            class="MuiSvgIcon-root"
            focusable="false"
            viewBox="0 0 24 24"
          >
            <path
              d="M19 5v14H5V5h14m0-2H5c-1.1 0-2 .9-2 2v14c0 1.1.9 2 2 2h14c1.1 0 2-.9 2-2V5c0-1.1-.9-2-2-2z"
            />
          </svg>
        </span>
        <span
          class="MuiTouchRipple-root"
        />
      </span>
      <span
        class="MuiTypography-root MuiFormControlLabel-label MuiTypography-body1"
      >
        Technical user
      </span>
    </label>
    <p
      class="MuiFormHelperText-root"
    >
      Optional - Is this user in a technical role?
    </p>
    <div
      class="MuiFormControl-root MuiTextField-root MuiFormControl-marginDense MuiFormControl-fullWidth"
      data-testid="github_username"
    >
      <label
        class="MuiFormLabel-root MuiInputLabel-root MuiInputLabel-formControl MuiInputLabel-animated MuiInputLabel-marginDense MuiInputLabel-outlined"
        data-shrink="false"
        for="github_username"
        id="github_username-label"
      >
        GitHub Handle
      </label>
      <div
        class="MuiInputBase-root MuiOutlinedInput-root MuiInputBase-fullWidth MuiInputBase-formControl MuiInputBase-marginDense MuiOutlinedInput-marginDense"
      >
        <input
          aria-describedby="github_username-helper-text"
          aria-invalid="false"
          class="MuiInputBase-input MuiOutlinedInput-input MuiInputBase-inputMarginDense MuiOutlinedInput-inputMarginDense"
          id="github_username"
          name="github_username"
          type="text"
          value=""
        />
        <fieldset
          aria-hidden="true"
          class="PrivateNotchedOutline-root MuiOutlinedInput-notchedOutline"
        >
          <legend
            class="PrivateNotchedOutline-legendLabelled"
          >
            <span>
              GitHub Handle
            </span>
          </legend>
        </fieldset>
      </div>
      <p
        class="MuiFormHelperText-root MuiFormHelperText-contained MuiFormHelperText-marginDense"
        id="github_username-helper-text"
      >
        Optional - Enter this user's Github username
      </p>
    </div>
  </div>
</body>
`;

exports[`DeliveryProjectUserFormFields should write values back to the form: GitHub Handle set 1`] = `
<body
  style=""
>
  <div>
    <div
      class="MuiFormControl-root MuiTextField-root MuiFormControl-marginDense MuiFormControl-fullWidth"
      data-testid="user_catalog_name"
    >
      <label
        class="MuiFormLabel-root MuiInputLabel-root MuiInputLabel-formControl MuiInputLabel-animated MuiInputLabel-shrink MuiInputLabel-marginDense MuiInputLabel-outlined MuiFormLabel-filled MuiFormLabel-focused MuiInputLabel-focused"
        data-shrink="true"
        for="user_catalog_name"
        id="user_catalog_name-label"
      >
        Select User
      </label>
      <div
        class="MuiInputBase-root MuiOutlinedInput-root MuiInputBase-fullWidth MuiInputBase-focused MuiOutlinedInput-focused MuiInputBase-formControl MuiInputBase-marginDense MuiOutlinedInput-marginDense"
      >
        <div
          aria-haspopup="listbox"
          aria-labelledby="user_catalog_name-label user_catalog_name"
          class="MuiSelect-root MuiSelect-select MuiSelect-selectMenu MuiSelect-outlined MuiInputBase-input MuiOutlinedInput-input MuiInputBase-inputMarginDense MuiOutlinedInput-inputMarginDense"
          id="user_catalog_name"
          role="button"
          tabindex="0"
        >
          Test User 1
        </div>
        <input
          aria-describedby="user_catalog_name-helper-text"
          aria-hidden="true"
          aria-required="true"
          class="MuiSelect-nativeInput"
          name="user_catalog_name"
          tabindex="-1"
          value="test-user-1"
        />
        <svg
          aria-hidden="true"
          class="MuiSvgIcon-root MuiSelect-icon MuiSelect-iconOutlined"
          focusable="false"
          viewBox="0 0 24 24"
        >
          <path
            d="M7 10l5 5 5-5z"
          />
        </svg>
        <fieldset
          aria-hidden="true"
          class="PrivateNotchedOutline-root MuiOutlinedInput-notchedOutline"
        >
          <legend
            class="PrivateNotchedOutline-legendLabelled PrivateNotchedOutline-legendNotched"
          >
            <span>
              Select User
            </span>
          </legend>
        </fieldset>
      </div>
      <p
        class="MuiFormHelperText-root MuiFormHelperText-contained MuiFormHelperText-filled MuiFormHelperText-focused MuiFormHelperText-marginDense"
        id="user_catalog_name-helper-text"
      >
        Select a user to add to this Delivery Project
      </p>
    </div>
    <h3
      style="margin-bottom: 0px;"
    >
      Additional permissions
    </h3>
    <label
      class="MuiFormControlLabel-root"
    >
      <span
        aria-disabled="false"
        class="MuiButtonBase-root MuiIconButton-root PrivateSwitchBase-root MuiCheckbox-root MuiCheckbox-colorPrimary MuiIconButton-colorPrimary"
      >
        <span
          class="MuiIconButton-label"
        >
          <input
            class="PrivateSwitchBase-input"
            data-indeterminate="false"
            id="is_admin"
            name="is_admin"
            type="checkbox"
            value="false"
          />
          <svg
            aria-hidden="true"
            class="MuiSvgIcon-root"
            focusable="false"
            viewBox="0 0 24 24"
          >
            <path
              d="M19 5v14H5V5h14m0-2H5c-1.1 0-2 .9-2 2v14c0 1.1.9 2 2 2h14c1.1 0 2-.9 2-2V5c0-1.1-.9-2-2-2z"
            />
          </svg>
        </span>
        <span
          class="MuiTouchRipple-root"
        />
      </span>
      <span
        class="MuiTypography-root MuiFormControlLabel-label MuiTypography-body1"
      >
        Admin user
      </span>
    </label>
    <p
      class="MuiFormHelperText-root"
    >
      Optional - Can this user administer this project?
    </p>
    <label
      class="MuiFormControlLabel-root"
    >
      <span
        aria-disabled="false"
        class="MuiButtonBase-root MuiIconButton-root PrivateSwitchBase-root MuiCheckbox-root MuiCheckbox-colorPrimary MuiIconButton-colorPrimary"
      >
        <span
          class="MuiIconButton-label"
        >
          <input
            class="PrivateSwitchBase-input"
            data-indeterminate="false"
            id="is_technical"
            name="is_technical"
            type="checkbox"
            value="false"
          />
          <svg
            aria-hidden="true"
            class="MuiSvgIcon-root"
            focusable="false"
            viewBox="0 0 24 24"
          >
            <path
              d="M19 5v14H5V5h14m0-2H5c-1.1 0-2 .9-2 2v14c0 1.1.9 2 2 2h14c1.1 0 2-.9 2-2V5c0-1.1-.9-2-2-2z"
            />
          </svg>
        </span>
        <span
          class="MuiTouchRipple-root"
        />
      </span>
      <span
        class="MuiTypography-root MuiFormControlLabel-label MuiTypography-body1"
      >
        Technical user
      </span>
    </label>
    <p
      class="MuiFormHelperText-root"
    >
      Optional - Is this user in a technical role?
    </p>
    <div
      class="MuiFormControl-root MuiTextField-root MuiFormControl-marginDense MuiFormControl-fullWidth"
      data-testid="github_username"
    >
      <label
        class="MuiFormLabel-root MuiInputLabel-root MuiInputLabel-formControl MuiInputLabel-animated MuiInputLabel-shrink MuiInputLabel-marginDense MuiInputLabel-outlined MuiFormLabel-filled"
        data-shrink="true"
        for="github_username"
        id="github_username-label"
      >
        GitHub Handle
      </label>
      <div
        class="MuiInputBase-root MuiOutlinedInput-root MuiInputBase-fullWidth MuiInputBase-formControl MuiInputBase-marginDense MuiOutlinedInput-marginDense"
      >
        <input
          aria-describedby="github_username-helper-text"
          aria-invalid="false"
          class="MuiInputBase-input MuiOutlinedInput-input MuiInputBase-inputMarginDense MuiOutlinedInput-inputMarginDense"
          id="github_username"
          name="github_username"
          type="text"
          value="test-user-1"
        />
        <fieldset
          aria-hidden="true"
          class="PrivateNotchedOutline-root MuiOutlinedInput-notchedOutline"
        >
          <legend
            class="PrivateNotchedOutline-legendLabelled PrivateNotchedOutline-legendNotched"
          >
            <span>
              GitHub Handle
            </span>
          </legend>
        </fieldset>
      </div>
      <p
        class="MuiFormHelperText-root MuiFormHelperText-contained MuiFormHelperText-filled MuiFormHelperText-marginDense"
        id="github_username-helper-text"
      >
        Optional - Enter this user's Github username
      </p>
    </div>
  </div>
</body>
`;

exports[`DeliveryProjectUserFormFields should write values back to the form: User selected 1`] = `
<body
  style=""
>
  <div>
    <div
      class="MuiFormControl-root MuiTextField-root MuiFormControl-marginDense MuiFormControl-fullWidth"
      data-testid="user_catalog_name"
    >
      <label
        class="MuiFormLabel-root MuiInputLabel-root MuiInputLabel-formControl MuiInputLabel-animated MuiInputLabel-shrink MuiInputLabel-marginDense MuiInputLabel-outlined MuiFormLabel-filled MuiFormLabel-focused MuiInputLabel-focused"
        data-shrink="true"
        for="user_catalog_name"
        id="user_catalog_name-label"
      >
        Select User
      </label>
      <div
        class="MuiInputBase-root MuiOutlinedInput-root MuiInputBase-fullWidth MuiInputBase-focused MuiOutlinedInput-focused MuiInputBase-formControl MuiInputBase-marginDense MuiOutlinedInput-marginDense"
      >
        <div
          aria-haspopup="listbox"
          aria-labelledby="user_catalog_name-label user_catalog_name"
          class="MuiSelect-root MuiSelect-select MuiSelect-selectMenu MuiSelect-outlined MuiInputBase-input MuiOutlinedInput-input MuiInputBase-inputMarginDense MuiOutlinedInput-inputMarginDense"
          id="user_catalog_name"
          role="button"
          tabindex="0"
        >
          Test User 1
        </div>
        <input
          aria-describedby="user_catalog_name-helper-text"
          aria-hidden="true"
          aria-required="true"
          class="MuiSelect-nativeInput"
          name="user_catalog_name"
          tabindex="-1"
          value="test-user-1"
        />
        <svg
          aria-hidden="true"
          class="MuiSvgIcon-root MuiSelect-icon MuiSelect-iconOutlined"
          focusable="false"
          viewBox="0 0 24 24"
        >
          <path
            d="M7 10l5 5 5-5z"
          />
        </svg>
        <fieldset
          aria-hidden="true"
          class="PrivateNotchedOutline-root MuiOutlinedInput-notchedOutline"
        >
          <legend
            class="PrivateNotchedOutline-legendLabelled PrivateNotchedOutline-legendNotched"
          >
            <span>
              Select User
            </span>
          </legend>
        </fieldset>
      </div>
      <p
        class="MuiFormHelperText-root MuiFormHelperText-contained MuiFormHelperText-filled MuiFormHelperText-focused MuiFormHelperText-marginDense"
        id="user_catalog_name-helper-text"
      >
        Select a user to add to this Delivery Project
      </p>
    </div>
    <h3
      style="margin-bottom: 0px;"
    >
      Additional permissions
    </h3>
    <label
      class="MuiFormControlLabel-root"
    >
      <span
        aria-disabled="false"
        class="MuiButtonBase-root MuiIconButton-root PrivateSwitchBase-root MuiCheckbox-root MuiCheckbox-colorPrimary MuiIconButton-colorPrimary"
      >
        <span
          class="MuiIconButton-label"
        >
          <input
            class="PrivateSwitchBase-input"
            data-indeterminate="false"
            id="is_admin"
            name="is_admin"
            type="checkbox"
            value="false"
          />
          <svg
            aria-hidden="true"
            class="MuiSvgIcon-root"
            focusable="false"
            viewBox="0 0 24 24"
          >
            <path
              d="M19 5v14H5V5h14m0-2H5c-1.1 0-2 .9-2 2v14c0 1.1.9 2 2 2h14c1.1 0 2-.9 2-2V5c0-1.1-.9-2-2-2z"
            />
          </svg>
        </span>
        <span
          class="MuiTouchRipple-root"
        />
      </span>
      <span
        class="MuiTypography-root MuiFormControlLabel-label MuiTypography-body1"
      >
        Admin user
      </span>
    </label>
    <p
      class="MuiFormHelperText-root"
    >
      Optional - Can this user administer this project?
    </p>
    <label
      class="MuiFormControlLabel-root"
    >
      <span
        aria-disabled="false"
        class="MuiButtonBase-root MuiIconButton-root PrivateSwitchBase-root MuiCheckbox-root MuiCheckbox-colorPrimary MuiIconButton-colorPrimary"
      >
        <span
          class="MuiIconButton-label"
        >
          <input
            class="PrivateSwitchBase-input"
            data-indeterminate="false"
            id="is_technical"
            name="is_technical"
            type="checkbox"
            value="false"
          />
          <svg
            aria-hidden="true"
            class="MuiSvgIcon-root"
            focusable="false"
            viewBox="0 0 24 24"
          >
            <path
              d="M19 5v14H5V5h14m0-2H5c-1.1 0-2 .9-2 2v14c0 1.1.9 2 2 2h14c1.1 0 2-.9 2-2V5c0-1.1-.9-2-2-2z"
            />
          </svg>
        </span>
        <span
          class="MuiTouchRipple-root"
        />
      </span>
      <span
        class="MuiTypography-root MuiFormControlLabel-label MuiTypography-body1"
      >
        Technical user
      </span>
    </label>
    <p
      class="MuiFormHelperText-root"
    >
      Optional - Is this user in a technical role?
    </p>
    <div
      class="MuiFormControl-root MuiTextField-root MuiFormControl-marginDense MuiFormControl-fullWidth"
      data-testid="github_username"
    >
      <label
        class="MuiFormLabel-root MuiInputLabel-root MuiInputLabel-formControl MuiInputLabel-animated MuiInputLabel-marginDense MuiInputLabel-outlined"
        data-shrink="false"
        for="github_username"
        id="github_username-label"
      >
        GitHub Handle
      </label>
      <div
        class="MuiInputBase-root MuiOutlinedInput-root MuiInputBase-fullWidth MuiInputBase-formControl MuiInputBase-marginDense MuiOutlinedInput-marginDense"
      >
        <input
          aria-describedby="github_username-helper-text"
          aria-invalid="false"
          class="MuiInputBase-input MuiOutlinedInput-input MuiInputBase-inputMarginDense MuiOutlinedInput-inputMarginDense"
          id="github_username"
          name="github_username"
          type="text"
          value=""
        />
        <fieldset
          aria-hidden="true"
          class="PrivateNotchedOutline-root MuiOutlinedInput-notchedOutline"
        >
          <legend
            class="PrivateNotchedOutline-legendLabelled"
          >
            <span>
              GitHub Handle
            </span>
          </legend>
        </fieldset>
      </div>
      <p
        class="MuiFormHelperText-root MuiFormHelperText-contained MuiFormHelperText-marginDense"
        id="github_username-helper-text"
      >
        Optional - Enter this user's Github username
      </p>
    </div>
  </div>
</body>
`;
