// Jest Snapshot v1, https://goo.gl/fbAQLP

exports[`App should render sign in page 1`] = `
<body>
  <div>
    <mocked-sign-in-page>
      {"auto":true,"provider":{"id":"aad-auth-provider","title":"Azure AD","message":"Sign in using Azure AD","apiRef":{"config":{"id":"core.auth.microsoft"}}}}
    </mocked-sign-in-page>
  </div>
</body>
`;
