// Jest Snapshot v1, https://goo.gl/fbAQLP

exports[`CustomSearchModal matches the snapshot when modal is open 1`] = `
<DocumentFragment>
  <div>
    <div>
      SidebarItem
    </div>
    <div>
      <div>
        <span>
          ADP Search
        </span>
        <div>
          <input
            data-testid="adp-search-bar"
          />
          <button />
        </div>
      </div>
      <div>
        <div>
          <div>
            <button />
          </div>
        </div>
        <hr />
        <div>
          SearchResult
        </div>
      </div>
      <div>
        <div>
          <div>
            <div>
              SearchResultPager
            </div>
          </div>
        </div>
      </div>
    </div>
  </div>
</DocumentFragment>
`;
